// Jest Snapshot v1, https://goo.gl/fbAQLP

exports[`ItemList Components ItemList should render and behave correctly 1`] = `
<div data-qa="options" class="sk-item-list">
  <div class="sk-item-list-option sk-item-list__item is-active" data-qa="option" data-key="a">
    <div data-qa="label" class="sk-item-list-option__text">A translated</div>
    <div data-qa="count" class="sk-item-list-option__count">#10</div>
  </div>
  <div class="sk-item-list-option sk-item-list__item is-disabled" data-qa="option" data-key="b">
    <div data-qa="label" class="sk-item-list-option__text">B translated</div>
    <div data-qa="count" class="sk-item-list-option__count">#11</div>
  </div>
  <div class="sk-item-list-option sk-item-list__item is-active" data-qa="option" data-key="c">
    <div data-qa="label" class="sk-item-list-option__text">C translated</div>
    <div data-qa="count" class="sk-item-list-option__count">#12</div>
  </div>
  <div class="sk-item-list-option sk-item-list__item" data-qa="option" data-key="d">
    <div data-qa="label" class="sk-item-list-option__text">d translated</div>
    <div data-qa="count" class="sk-item-list-option__count">#15</div>
  </div>
</div>
`;
